// Jest Snapshot v1, https://goo.gl/fbAQLP

exports[`AlertDialog mount 1`] = `
<div
  class=""
>
  <header
    class="MuiPaper-root MuiAppBar-root MuiAppBar-positionRelative MuiAppBar-colorPrimary MuiPaper-elevation4"
  >
    <div
      class="MuiToolbar-root MuiToolbar-regular MuiToolbar-gutters"
    >
      <button
        aria-label="menu"
        class="MuiButtonBase-root MuiIconButton-root MuiIconButton-colorInherit MuiIconButton-edgeStart"
        tabindex="0"
        type="button"
      >
        <span
          class="MuiIconButton-label"
        >
          <svg
            aria-hidden="true"
            class="MuiSvgIcon-root"
            focusable="false"
            role="presentation"
            viewBox="0 0 24 24"
          >
            <path
              d="M3 18h18v-2H3v2zm0-5h18v-2H3v2zm0-7v2h18V6H3z"
            />
          </svg>
        </span>
        <span
          class="MuiTouchRipple-root"
        />
      </button>
      <h6
        class="MuiTypography-root MuiTypography-h6"
      >
        管理ツール
      </h6>
      <div
        class="mockHoverMenuCom"
      >
        mockHoverMenuCom
      </div>
      <div
        class="mockHoverMenuCom"
      >
        mockHoverMenuCom
      </div>
      <div>
        mockAccountMenuCom
      </div>
    </div>
  </header>
</div>
`;
